-- Escape v1 Parameters --
  Q=32  P=8  Delta=2^24  lambda=1024  N1=16384  MR1=256  MC1=256  sigma=3.2
  threads    = (36, 3)
  logical DB = 1073741824 entries (16384.00 GiB)
  with dhint = 262144.00 GiB
  agg        = 128.00 MiB
  block_size = 131072 bits  ->  16384 chunk(s) per query
--------------------------

--------------------------------------------------------
  [query comp]   279.9 ms
  [client send]  16.562 MiB  ->  1984.8 ms @ 70 Mbps
  [server ans]   6850.5 ms
    ans_cycle    574.2 ms
    cpu_stall    17.0 ms
    mem_stall    6259.2 ms  (91% of answer)
  [server cmp]   1294.3 ms
    cmp_cycle    1066.3 ms
    cpu_stall    54.2 ms
    mem_stall    173.7 ms  (13% of compress)
  [client recv]  84.500 KiB  ->  9.9 ms @ 70 Mbps
  [recover comp] 51.6 ms
--------------------------------------------------------
  [query comp]   279.0 ms
  [client send]  16.562 MiB  ->  1984.8 ms @ 70 Mbps
  [server ans]   5260.3 ms
    ans_cycle    562.7 ms
    cpu_stall    9.6 ms
    mem_stall    4688.1 ms  (89% of answer)
  [server cmp]   949.9 ms
    cmp_cycle    785.6 ms
    cpu_stall    37.0 ms
    mem_stall    127.0 ms  (13% of compress)
  [client recv]  84.500 KiB  ->  9.9 ms @ 70 Mbps
  [recover comp] 54.0 ms
--------------------------------------------------------
  [query comp]   279.5 ms
  [client send]  16.562 MiB  ->  1984.8 ms @ 70 Mbps
  [server ans]   7020.4 ms
    ans_cycle    571.4 ms
    cpu_stall    12.8 ms
    mem_stall    6436.2 ms  (92% of answer)
  [server cmp]   894.6 ms
    cmp_cycle    742.7 ms
    cpu_stall    31.0 ms
    mem_stall    120.6 ms  (13% of compress)
  [client recv]  84.500 KiB  ->  9.9 ms @ 70 Mbps
  [recover comp] 53.9 ms
--------------------------------------------------------
  [query comp]   279.8 ms
  [client send]  16.562 MiB  ->  1984.8 ms @ 70 Mbps
  [server ans]   6694.3 ms
    ans_cycle    575.5 ms
    cpu_stall    19.7 ms
    mem_stall    6099.1 ms  (91% of answer)
  [server cmp]   933.4 ms
    cmp_cycle    780.0 ms
    cpu_stall    27.6 ms
    mem_stall    125.6 ms  (13% of compress)
  [client recv]  84.500 KiB  ->  9.9 ms @ 70 Mbps
  [recover comp] 53.7 ms
[ERROR] rep=0 chunk=0: got 159 expected 88
[ERROR] rep=0 chunk=1: got 150 expected 88
[ERROR] rep=0 chunk=2: got 141 expected 88
[ERROR] rep=0 chunk=3: got 133 expected 88
[ERROR] rep=0 chunk=4: got 124 expected 88
--------------------------------------------------------
  [query comp]   282.6 ms
  [client send]  16.562 MiB  ->  1984.8 ms @ 70 Mbps
  [server ans]   7088.5 ms
    ans_cycle    573.6 ms
    cpu_stall    14.3 ms
    mem_stall    6500.6 ms  (92% of answer)
  [server cmp]   903.0 ms
    cmp_cycle    744.2 ms
    cpu_stall    37.2 ms
    mem_stall    121.3 ms  (13% of compress)
  [client recv]  84.500 KiB  ->  9.9 ms @ 70 Mbps
  [recover comp] 53.1 ms
--------------------------------------------------------
  [query comp]   279.4 ms
  [client send]  16.562 MiB  ->  1984.8 ms @ 70 Mbps
  [server ans]   7209.3 ms
    ans_cycle    570.2 ms
    cpu_stall    14.3 ms
    mem_stall    6624.9 ms  (92% of answer)
  [server cmp]   875.9 ms
    cmp_cycle    732.1 ms
    cpu_stall    25.9 ms
    mem_stall    117.7 ms  (13% of compress)
  [client recv]  84.500 KiB  ->  9.9 ms @ 70 Mbps
  [recover comp] 53.8 ms
--------------------------------------------------------
  [query comp]   279.7 ms
  [client send]  16.562 MiB  ->  1984.8 ms @ 70 Mbps
  [server ans]   6881.5 ms
    ans_cycle    567.9 ms
    cpu_stall    10.9 ms
    mem_stall    6302.7 ms  (92% of answer)
  [server cmp]   897.6 ms
    cmp_cycle    742.6 ms
    cpu_stall    33.6 ms
    mem_stall    121.2 ms  (14% of compress)
  [client recv]  84.500 KiB  ->  9.9 ms @ 70 Mbps
  [recover comp] 53.1 ms
--------------------------------------------------------
  [query comp]   280.7 ms
  [client send]  16.562 MiB  ->  1984.8 ms @ 70 Mbps
  [server ans]   6976.7 ms
    ans_cycle    569.6 ms
    cpu_stall    14.4 ms
    mem_stall    6392.7 ms  (92% of answer)
  [server cmp]   900.3 ms
    cmp_cycle    745.2 ms
    cpu_stall    32.5 ms
    mem_stall    122.4 ms  (14% of compress)
  [client recv]  84.500 KiB  ->  9.9 ms @ 70 Mbps
  [recover comp] 54.0 ms


[online] reps=5  chunks=16384

FAIL: 81152 error(s)

=== summary (means over 5 measured reps) ===
  bandwidth   = send 16.562 MiB (1984.8 ms) + recv 84.50 KiB (9.9 ms) = 16.645 MiB (1994.7 ms)
  srv delay   = answer 6970.1 + compress 902.0 = 7872.1 ms
  ans split   = ans_cycle 571.4 + cpu_stall 14.7 + mem_stall 6384.0 ms (92% mem)
  cmp split   = cmp_cycle 748.8 + cpu_stall 31.4 + mem_stall 121.6 ms (13% mem)
  end-to-end  = query 280.4 + send 1984.8 + server (no mem_stall) 1366.5 + recv 9.9 + recover 53.5 = 3695.1 ms (3.70 s)
