-- Escape v1 Parameters --
  Q=32  P=8  Delta=2^24  lambda=1024  N1=1024  MR1=1024  MC1=1024  sigma=3.2
  threads    = (36, 3)
  logical DB = 1073741824 entries (8192.00 GiB)
  with dhint = 32768.00 GiB
  agg        = 64.00 MiB
  block_size = 65536 bits  ->  8192 chunk(s) per query
--------------------------

--------------------------------------------------------
  [query comp]   70.4 ms
  [client send]  4.504 MiB  ->  539.7 ms @ 70 Mbps
  [server ans]   147.3 ms
    ans_cycle    31.1 ms
    cpu_stall    0.5 ms
    mem_stall    115.7 ms  (79% of answer)
  [server cmp]   464.9 ms
    cmp_cycle    379.3 ms
    cpu_stall    24.7 ms
    mem_stall    60.8 ms  (13% of compress)
  [client recv]  42.500 KiB  ->  5.0 ms @ 70 Mbps
  [recover comp] 29.8 ms
--------------------------------------------------------
  [query comp]   70.1 ms
  [client send]  4.504 MiB  ->  539.7 ms @ 70 Mbps
  [server ans]   164.8 ms
    ans_cycle    32.5 ms
    cpu_stall    2.9 ms
    mem_stall    129.3 ms  (78% of answer)
  [server cmp]   455.5 ms
    cmp_cycle    372.2 ms
    cpu_stall    20.4 ms
    mem_stall    62.7 ms  (14% of compress)
  [client recv]  42.500 KiB  ->  5.0 ms @ 70 Mbps
  [recover comp] 29.7 ms
--------------------------------------------------------
  [query comp]   70.2 ms
  [client send]  4.504 MiB  ->  539.7 ms @ 70 Mbps
  [server ans]   165.4 ms
    ans_cycle    33.0 ms
    cpu_stall    3.2 ms
    mem_stall    129.3 ms  (78% of answer)
  [server cmp]   467.3 ms
    cmp_cycle    382.1 ms
    cpu_stall    21.9 ms
    mem_stall    63.2 ms  (14% of compress)
  [client recv]  42.500 KiB  ->  5.0 ms @ 70 Mbps
  [recover comp] 30.0 ms
--------------------------------------------------------
  [query comp]   70.7 ms
  [client send]  4.504 MiB  ->  539.7 ms @ 70 Mbps
  [server ans]   153.5 ms
    ans_cycle    30.5 ms
    cpu_stall    1.5 ms
    mem_stall    121.5 ms  (79% of answer)
  [server cmp]   466.0 ms
    cmp_cycle    387.8 ms
    cpu_stall    15.2 ms
    mem_stall    62.9 ms  (13% of compress)
  [client recv]  42.500 KiB  ->  5.0 ms @ 70 Mbps
  [recover comp] 30.3 ms
[ERROR] rep=0 chunk=0: got 91 expected 122
[ERROR] rep=0 chunk=1: got 34 expected 122
[ERROR] rep=0 chunk=2: got 233 expected 122
[ERROR] rep=0 chunk=3: got 177 expected 122
[ERROR] rep=0 chunk=4: got 120 expected 122
--------------------------------------------------------
  [query comp]   70.2 ms
  [client send]  4.504 MiB  ->  539.7 ms @ 70 Mbps
  [server ans]   164.6 ms
    ans_cycle    33.0 ms
    cpu_stall    0.7 ms
    mem_stall    131.0 ms  (80% of answer)
  [server cmp]   456.9 ms
    cmp_cycle    374.3 ms
    cpu_stall    21.1 ms
    mem_stall    61.2 ms  (13% of compress)
  [client recv]  42.500 KiB  ->  5.0 ms @ 70 Mbps
  [recover comp] 30.0 ms
--------------------------------------------------------
  [query comp]   70.0 ms
  [client send]  4.504 MiB  ->  539.7 ms @ 70 Mbps
  [server ans]   168.9 ms
    ans_cycle    33.4 ms
    cpu_stall    0.7 ms
    mem_stall    134.8 ms  (80% of answer)
  [server cmp]   451.3 ms
    cmp_cycle    370.8 ms
    cpu_stall    20.4 ms
    mem_stall    60.1 ms  (13% of compress)
  [client recv]  42.500 KiB  ->  5.0 ms @ 70 Mbps
  [recover comp] 29.9 ms
--------------------------------------------------------
  [query comp]   70.1 ms
  [client send]  4.504 MiB  ->  539.7 ms @ 70 Mbps
  [server ans]   167.4 ms
    ans_cycle    33.1 ms
    cpu_stall    0.6 ms
    mem_stall    133.7 ms  (80% of answer)
  [server cmp]   454.9 ms
    cmp_cycle    376.3 ms
    cpu_stall    17.4 ms
    mem_stall    61.0 ms  (13% of compress)
  [client recv]  42.500 KiB  ->  5.0 ms @ 70 Mbps
  [recover comp] 30.3 ms
--------------------------------------------------------
  [query comp]   71.1 ms
  [client send]  4.504 MiB  ->  539.7 ms @ 70 Mbps
  [server ans]   205.9 ms
    ans_cycle    33.3 ms
    cpu_stall    0.6 ms
    mem_stall    172.0 ms  (84% of answer)
  [server cmp]   464.0 ms
    cmp_cycle    379.7 ms
    cpu_stall    21.3 ms
    mem_stall    62.9 ms  (14% of compress)
  [client recv]  42.500 KiB  ->  5.0 ms @ 70 Mbps
  [recover comp] 29.8 ms


[online] reps=5  chunks=8192

FAIL: 40832 error(s)

=== summary (means over 5 measured reps) ===
  bandwidth   = send 4.504 MiB (539.7 ms) + recv 42.50 KiB (5.0 ms) = 4.546 MiB (544.7 ms)
  srv delay   = answer 172.1 + compress 458.6 = 630.7 ms
  ans split   = ans_cycle 32.7 + cpu_stall 0.8 + mem_stall 138.6 ms (81% mem)
  cmp split   = cmp_cycle 377.8 + cpu_stall 19.1 + mem_stall 61.6 ms (13% mem)
  end-to-end  = query 70.4 + send 539.7 + server (no mem_stall) 430.5 + recv 5.0 + recover 30.1 = 1075.6 ms (1.08 s)
