Paper values (Figures 11-12), per-query bandwidth (MiB)

Table 1: fixed DB = 64 TiB (N = DB / bytes)

  2^x    bytes     Escape        Piano          RMS
---------------------------------------------------
  2^3        8       1024           30           10
  2^6       64        256           66            9
  2^9      512       64.5          181           20
 2^11     2048       32.5          362           40
 2^12     4096       16.5          512           60
 2^14    16384        8.5         1024          128
 2^16    65536        4.8         2048          273
 2^18   262144        2.8         4096          585

Table 2: fixed N = 2^30 entries

  2^x    bytes     Escape        Piano          RMS
---------------------------------------------------
  2^3        8        4.5          0.3          0.1
  2^6       64        4.5            2          0.3
  2^9      512        4.5           16            2
 2^11     2048        4.5           64            8
 2^12     4096        4.5          128           17
 2^14    16384        4.6          512           68
 2^16    65536        4.8         2048          273
 2^18   262144        5.8         8192         1092

Table 3: hint-update bandwidth per query (MiB), (2^30 x 8 KiB) DB

    Q     Escape        Piano          RMS
------------------------------------------
 2^11       4096         4096         4096
 2^15        256          256          256
 2^19         16          256         34.1
 2^24        4.5          256         34.1
 2^30        4.5          256         34.1
 2^35        4.5          256         34.1

Table 4: hint-update bandwidth per query (MiB), (2^30 x 64 KiB) DB

    Q     Escape        Piano          RMS
------------------------------------------
 2^11      32768        32768        32768
 2^15       2048         2048         2048
 2^19        128         2048          273
 2^24        4.5         2048          273
 2^30        4.5         2048          273
 2^35        4.5         2048          273
