-- Escape v1 Parameters --
  Q=32  P=8  Delta=2^24  lambda=1024  N1=1024  MR1=512  MC1=512  sigma=3.2
  threads    = (36, 3)
  logical DB = 268435456 entries (16384.00 GiB)
  with dhint = 262144.00 GiB
  agg        = 512.00 MiB
  block_size = 524288 bits  ->  65536 chunk(s) per query
--------------------------

--------------------------------------------------------
  [query comp]   35.2 ms
  [client send]  2.504 MiB  ->  300.1 ms @ 70 Mbps
  [server ans]   1656.6 ms
    ans_cycle    320.5 ms
    cpu_stall    55.2 ms
    mem_stall    1281.0 ms  (77% of answer)
  [server cmp]   3540.3 ms
    cmp_cycle    2935.8 ms
    cpu_stall    109.4 ms
    mem_stall    488.2 ms  (14% of compress)
  [client recv]  338.000 KiB  ->  39.6 ms @ 70 Mbps
  [recover comp] 139.6 ms
--------------------------------------------------------
  [query comp]   35.0 ms
  [client send]  2.504 MiB  ->  300.1 ms @ 70 Mbps
  [server ans]   2537.9 ms
    ans_cycle    490.6 ms
    cpu_stall    78.9 ms
    mem_stall    1968.4 ms  (78% of answer)
  [server cmp]   3537.4 ms
    cmp_cycle    2943.5 ms
    cpu_stall    106.5 ms
    mem_stall    481.5 ms  (14% of compress)
  [client recv]  338.000 KiB  ->  39.6 ms @ 70 Mbps
  [recover comp] 139.5 ms
--------------------------------------------------------
  [query comp]   36.3 ms
  [client send]  2.504 MiB  ->  300.1 ms @ 70 Mbps
  [server ans]   1630.1 ms
    ans_cycle    341.6 ms
    cpu_stall    55.8 ms
    mem_stall    1232.7 ms  (76% of answer)
  [server cmp]   3745.7 ms
    cmp_cycle    3114.0 ms
    cpu_stall    111.1 ms
    mem_stall    510.3 ms  (14% of compress)
  [client recv]  338.000 KiB  ->  39.6 ms @ 70 Mbps
  [recover comp] 139.8 ms
--------------------------------------------------------
  [query comp]   35.1 ms
  [client send]  2.504 MiB  ->  300.1 ms @ 70 Mbps
  [server ans]   1265.6 ms
    ans_cycle    194.0 ms
    cpu_stall    2.5 ms
    mem_stall    1069.0 ms  (84% of answer)
  [server cmp]   3545.1 ms
    cmp_cycle    2950.3 ms
    cpu_stall    106.8 ms
    mem_stall    482.1 ms  (14% of compress)
  [client recv]  338.000 KiB  ->  39.6 ms @ 70 Mbps
  [recover comp] 139.9 ms
[ERROR] rep=0 chunk=0: got 19 expected 122
[ERROR] rep=0 chunk=1: got 181 expected 122
[ERROR] rep=0 chunk=2: got 87 expected 122
[ERROR] rep=0 chunk=3: got 249 expected 122
[ERROR] rep=0 chunk=4: got 154 expected 122
--------------------------------------------------------
  [query comp]   36.0 ms
  [client send]  2.504 MiB  ->  300.1 ms @ 70 Mbps
  [server ans]   1485.2 ms
    ans_cycle    312.5 ms
    cpu_stall    21.1 ms
    mem_stall    1151.7 ms  (78% of answer)
  [server cmp]   3449.4 ms
    cmp_cycle    2876.5 ms
    cpu_stall    102.0 ms
    mem_stall    465.3 ms  (14% of compress)
  [client recv]  338.000 KiB  ->  39.6 ms @ 70 Mbps
  [recover comp] 139.6 ms
--------------------------------------------------------
  [query comp]   35.1 ms
  [client send]  2.504 MiB  ->  300.1 ms @ 70 Mbps
  [server ans]   1940.3 ms
    ans_cycle    380.9 ms
    cpu_stall    48.8 ms
    mem_stall    1510.6 ms  (78% of answer)
  [server cmp]   3544.1 ms
    cmp_cycle    2945.8 ms
    cpu_stall    107.3 ms
    mem_stall    483.1 ms  (14% of compress)
  [client recv]  338.000 KiB  ->  39.6 ms @ 70 Mbps
  [recover comp] 140.7 ms
--------------------------------------------------------
  [query comp]   35.1 ms
  [client send]  2.504 MiB  ->  300.1 ms @ 70 Mbps
  [server ans]   1264.4 ms
    ans_cycle    201.4 ms
    cpu_stall    2.4 ms
    mem_stall    1060.5 ms  (84% of answer)
  [server cmp]   3521.9 ms
    cmp_cycle    2931.0 ms
    cpu_stall    99.7 ms
    mem_stall    485.3 ms  (14% of compress)
  [client recv]  338.000 KiB  ->  39.6 ms @ 70 Mbps
  [recover comp] 140.7 ms
--------------------------------------------------------
  [query comp]   35.3 ms
  [client send]  2.504 MiB  ->  300.1 ms @ 70 Mbps
  [server ans]   1412.2 ms
    ans_cycle    260.9 ms
    cpu_stall    19.5 ms
    mem_stall    1131.7 ms  (80% of answer)
  [server cmp]   3490.9 ms
    cmp_cycle    2906.3 ms
    cpu_stall    102.9 ms
    mem_stall    476.2 ms  (14% of compress)
  [client recv]  338.000 KiB  ->  39.6 ms @ 70 Mbps
  [recover comp] 140.5 ms


[online] reps=5  chunks=65536

FAIL: 327166 error(s)

=== summary (means over 5 measured reps) ===
  bandwidth   = send 2.504 MiB (300.1 ms) + recv 338.00 KiB (39.6 ms) = 2.834 MiB (339.7 ms)
  srv delay   = answer 1473.5 + compress 3510.3 = 4983.8 ms
  ans split   = ans_cycle 269.9 + cpu_stall 18.9 + mem_stall 1184.7 ms (80% mem)
  cmp split   = cmp_cycle 2922.0 + cpu_stall 103.7 + mem_stall 478.4 ms (14% mem)
  end-to-end  = query 35.3 + send 300.1 + server (no mem_stall) 3320.7 + recv 39.6 + recover 140.3 = 3836.0 ms (3.84 s)
