-- Escape v1 Parameters --
  Q=32  P=8  Delta=2^24  lambda=1024  N1=256  MR1=512  MC1=512  sigma=3.2
  threads    = (36, 3)
  logical DB = 67108864 entries (4096.00 GiB)
  with dhint = 65536.00 GiB
  agg        = 512.00 MiB
  block_size = 524288 bits  ->  65536 chunk(s) per query
--------------------------

--------------------------------------------------------
  [query comp]   8.9 ms
  [client send]  1.001 MiB  ->  120.0 ms @ 70 Mbps
  [server ans]   462.1 ms
    ans_cycle    66.1 ms
    cpu_stall    0.4 ms
    mem_stall    395.6 ms  (86% of answer)
  [server cmp]   3549.3 ms
    cmp_cycle    2957.3 ms
    cpu_stall    102.4 ms
    mem_stall    484.1 ms  (14% of compress)
  [client recv]  338.000 KiB  ->  39.6 ms @ 70 Mbps
  [recover comp] 140.2 ms
--------------------------------------------------------
  [query comp]   9.0 ms
  [client send]  1.001 MiB  ->  120.0 ms @ 70 Mbps
  [server ans]   597.1 ms
    ans_cycle    107.1 ms
    cpu_stall    0.6 ms
    mem_stall    489.4 ms  (82% of answer)
  [server cmp]   3568.8 ms
    cmp_cycle    2978.4 ms
    cpu_stall    110.5 ms
    mem_stall    473.8 ms  (13% of compress)
  [client recv]  338.000 KiB  ->  39.6 ms @ 70 Mbps
  [recover comp] 139.6 ms
--------------------------------------------------------
  [query comp]   9.2 ms
  [client send]  1.001 MiB  ->  120.0 ms @ 70 Mbps
  [server ans]   1045.5 ms
    ans_cycle    192.0 ms
    cpu_stall    49.5 ms
    mem_stall    804.1 ms  (77% of answer)
  [server cmp]   3573.8 ms
    cmp_cycle    2978.7 ms
    cpu_stall    106.4 ms
    mem_stall    483.0 ms  (14% of compress)
  [client recv]  338.000 KiB  ->  39.6 ms @ 70 Mbps
  [recover comp] 139.3 ms
--------------------------------------------------------
  [query comp]   8.9 ms
  [client send]  1.001 MiB  ->  120.0 ms @ 70 Mbps
  [server ans]   651.2 ms
    ans_cycle    125.4 ms
    cpu_stall    12.1 ms
    mem_stall    513.7 ms  (79% of answer)
  [server cmp]   3608.9 ms
    cmp_cycle    3002.1 ms
    cpu_stall    109.2 ms
    mem_stall    491.7 ms  (14% of compress)
  [client recv]  338.000 KiB  ->  39.6 ms @ 70 Mbps
  [recover comp] 140.0 ms
[ERROR] rep=0 chunk=0: got 121 expected 25
[ERROR] rep=0 chunk=1: got 164 expected 25
[ERROR] rep=0 chunk=2: got 207 expected 25
[ERROR] rep=0 chunk=3: got 250 expected 25
[ERROR] rep=0 chunk=4: got 38 expected 25
--------------------------------------------------------
  [query comp]   8.9 ms
  [client send]  1.001 MiB  ->  120.0 ms @ 70 Mbps
  [server ans]   1377.4 ms
    ans_cycle    242.4 ms
    cpu_stall    69.2 ms
    mem_stall    1065.8 ms  (77% of answer)
  [server cmp]   3633.1 ms
    cmp_cycle    3022.8 ms
    cpu_stall    110.2 ms
    mem_stall    494.3 ms  (14% of compress)
  [client recv]  338.000 KiB  ->  39.6 ms @ 70 Mbps
  [recover comp] 140.9 ms
--------------------------------------------------------
  [query comp]   8.9 ms
  [client send]  1.001 MiB  ->  120.0 ms @ 70 Mbps
  [server ans]   523.8 ms
    ans_cycle    69.3 ms
    cpu_stall    0.4 ms
    mem_stall    454.0 ms  (87% of answer)
  [server cmp]   3564.3 ms
    cmp_cycle    2959.3 ms
    cpu_stall    108.5 ms
    mem_stall    490.9 ms  (14% of compress)
  [client recv]  338.000 KiB  ->  39.6 ms @ 70 Mbps
  [recover comp] 141.3 ms
--------------------------------------------------------
  [query comp]   8.9 ms
  [client send]  1.001 MiB  ->  120.0 ms @ 70 Mbps
  [server ans]   602.1 ms
    ans_cycle    114.7 ms
    cpu_stall    25.6 ms
    mem_stall    461.8 ms  (77% of answer)
  [server cmp]   3557.9 ms
    cmp_cycle    2966.8 ms
    cpu_stall    106.8 ms
    mem_stall    478.6 ms  (13% of compress)
  [client recv]  338.000 KiB  ->  39.6 ms @ 70 Mbps
  [recover comp] 139.6 ms
--------------------------------------------------------
  [query comp]   8.9 ms
  [client send]  1.001 MiB  ->  120.0 ms @ 70 Mbps
  [server ans]   542.7 ms
    ans_cycle    73.4 ms
    cpu_stall    0.5 ms
    mem_stall    468.8 ms  (86% of answer)
  [server cmp]   3644.6 ms
    cmp_cycle    3034.8 ms
    cpu_stall    112.3 ms
    mem_stall    491.8 ms  (14% of compress)
  [client recv]  338.000 KiB  ->  39.6 ms @ 70 Mbps
  [recover comp] 140.6 ms


[online] reps=5  chunks=65536

FAIL: 326912 error(s)

=== summary (means over 5 measured reps) ===
  bandwidth   = send 1.001 MiB (120.0 ms) + recv 338.00 KiB (39.6 ms) = 1.331 MiB (159.6 ms)
  srv delay   = answer 739.4 + compress 3601.8 = 4341.2 ms
  ans split   = ans_cycle 125.0 + cpu_stall 21.6 + mem_stall 592.8 ms (80% mem)
  cmp split   = cmp_cycle 2997.2 + cpu_stall 109.4 + mem_stall 489.5 ms (14% mem)
  end-to-end  = query 8.9 + send 120.0 + server (no mem_stall) 3258.9 + recv 39.6 + recover 140.5 = 3567.9 ms (3.57 s)
