Per-query bandwidth (MiB), LAMBDA=1024, pl_bits=2048

Table 1: fixed DB = 64 TiB (N = DB / bytes)

  2^x    bytes                N       N1      MC1      MR1     Escape        Piano          RMS
-----------------------------------------------------------------------------------------------
  2^3        8    8796093022208     8192    32768    32768   1024.532       30.406        9.835
  2^6       64    1099511627776     4096    16384    16384    256.516       66.500        8.900
  2^9      512     137438953472     2048     8192     8192     64.511      181.859       19.894
 2^11     2048      34359738368     2048     4096     4096     32.519      362.435       40.624
 2^12     4096      17179869184     1024     4096     4096     16.525      512.266       60.501
 2^14    16384       4294967296     1024     2048     2048      8.586     1024.125      128.125
 2^16    65536       1073741824     1024     1024     1024      4.834     2048.059      273.125
 2^18   262144        268435456      256     1024     1024      2.821     4096.027      585.170

Table 2: fixed N = 2^30 entries

  2^x    bytes                N       N1      MC1      MR1     Escape        Piano          RMS
-----------------------------------------------------------------------------------------------
  2^3        8       1073741824     1024     1024     1024      4.504        0.309        0.092
  2^6       64       1073741824     1024     1024     1024      4.504        2.059        0.325
  2^9      512       1073741824     1024     1024     1024      4.507       16.059        2.192
 2^11     2048       1073741824     1024     1024     1024      4.515       64.059        8.592
 2^12     4096       1073741824     1024     1024     1024      4.525      128.059       17.125
 2^14    16384       1073741824     1024     1024     1024      4.586      512.059       68.325
 2^16    65536       1073741824     1024     1024     1024      4.834     2048.059      273.125
 2^18   262144       1073741824     1024     1024     1024      5.824     8192.059     1092.325

Table 3: hint-update bandwidth per query (MiB), (2^30 x 8 KiB) DB
per-query cost: Escape 4.545, Piano 256.059, RMS 34.192

    Q         DB/Q     Escape        Piano          RMS
-------------------------------------------------------
 2^11     4096.000   4096.000     4096.000     4096.000
 2^15      256.000    256.000      256.059      256.000
 2^19       16.000     16.000      256.059       34.192
 2^24        0.500      4.545      256.059       34.192
 2^30        0.008      4.545      256.059       34.192
 2^35        0.000      4.545      256.059       34.192

Table 4: hint-update bandwidth per query (MiB), (2^30 x 64 KiB) DB
per-query cost: Escape 4.834, Piano 2048.059, RMS 273.125

    Q         DB/Q     Escape        Piano          RMS
-------------------------------------------------------
 2^11    32768.000  32768.000    32768.000    32768.000
 2^15     2048.000   2048.000     2048.059     2048.000
 2^19      128.000    128.000     2048.059      273.125
 2^24        4.000      4.834     2048.059      273.125
 2^30        0.062      4.834     2048.059      273.125
 2^35        0.002      4.834     2048.059      273.125
