-- Escape v1 Parameters --
  Q=32  P=8  Delta=2^24  lambda=1024  N1=512  MR1=512  MC1=512  sigma=3.2
  threads    = (36, 3)
  logical DB = 134217728 entries (1024.00 GiB)
  with dhint = 16384.00 GiB
  agg        = 64.00 MiB
  block_size = 65536 bits  ->  8192 chunk(s) per query
--------------------------

--------------------------------------------------------
  [query comp]   17.7 ms
  [client send]  1.502 MiB  ->  180.0 ms @ 70 Mbps
  [server ans]   68.8 ms
    ans_cycle    13.5 ms
    cpu_stall    0.1 ms
    mem_stall    55.2 ms  (80% of answer)
  [server cmp]   464.6 ms
    cmp_cycle    379.6 ms
    cpu_stall    21.4 ms
    mem_stall    63.5 ms  (14% of compress)
  [client recv]  42.500 KiB  ->  5.0 ms @ 70 Mbps
  [recover comp] 29.2 ms
--------------------------------------------------------
  [query comp]   17.8 ms
  [client send]  1.502 MiB  ->  180.0 ms @ 70 Mbps
  [server ans]   66.9 ms
    ans_cycle    13.3 ms
    cpu_stall    0.1 ms
    mem_stall    53.4 ms  (80% of answer)
  [server cmp]   475.7 ms
    cmp_cycle    389.3 ms
    cpu_stall    20.2 ms
    mem_stall    66.0 ms  (14% of compress)
  [client recv]  42.500 KiB  ->  5.0 ms @ 70 Mbps
  [recover comp] 29.9 ms
--------------------------------------------------------
  [query comp]   18.0 ms
  [client send]  1.502 MiB  ->  180.0 ms @ 70 Mbps
  [server ans]   68.9 ms
    ans_cycle    13.6 ms
    cpu_stall    0.1 ms
    mem_stall    55.2 ms  (80% of answer)
  [server cmp]   466.1 ms
    cmp_cycle    387.4 ms
    cpu_stall    13.4 ms
    mem_stall    65.1 ms  (14% of compress)
  [client recv]  42.500 KiB  ->  5.0 ms @ 70 Mbps
  [recover comp] 29.8 ms
--------------------------------------------------------
  [query comp]   17.8 ms
  [client send]  1.502 MiB  ->  180.0 ms @ 70 Mbps
  [server ans]   74.8 ms
    ans_cycle    13.6 ms
    cpu_stall    0.1 ms
    mem_stall    61.1 ms  (82% of answer)
  [server cmp]   484.8 ms
    cmp_cycle    402.9 ms
    cpu_stall    14.9 ms
    mem_stall    66.8 ms  (14% of compress)
  [client recv]  42.500 KiB  ->  5.0 ms @ 70 Mbps
  [recover comp] 29.6 ms
[ERROR] rep=0 chunk=0: got 24 expected 61
[ERROR] rep=0 chunk=1: got 199 expected 61
[ERROR] rep=0 chunk=2: got 118 expected 61
[ERROR] rep=0 chunk=3: got 36 expected 61
[ERROR] rep=0 chunk=4: got 211 expected 61
--------------------------------------------------------
  [query comp]   18.4 ms
  [client send]  1.502 MiB  ->  180.0 ms @ 70 Mbps
  [server ans]   70.8 ms
    ans_cycle    13.6 ms
    cpu_stall    0.1 ms
    mem_stall    57.0 ms  (81% of answer)
  [server cmp]   471.4 ms
    cmp_cycle    386.8 ms
    cpu_stall    20.1 ms
    mem_stall    64.2 ms  (14% of compress)
  [client recv]  42.500 KiB  ->  5.0 ms @ 70 Mbps
  [recover comp] 29.7 ms
--------------------------------------------------------
  [query comp]   17.6 ms
  [client send]  1.502 MiB  ->  180.0 ms @ 70 Mbps
  [server ans]   68.9 ms
    ans_cycle    13.6 ms
    cpu_stall    0.1 ms
    mem_stall    55.1 ms  (80% of answer)
  [server cmp]   477.3 ms
    cmp_cycle    397.3 ms
    cpu_stall    13.1 ms
    mem_stall    66.7 ms  (14% of compress)
  [client recv]  42.500 KiB  ->  5.0 ms @ 70 Mbps
  [recover comp] 29.7 ms
--------------------------------------------------------
  [query comp]   17.6 ms
  [client send]  1.502 MiB  ->  180.0 ms @ 70 Mbps
  [server ans]   78.9 ms
    ans_cycle    16.0 ms
    cpu_stall    0.1 ms
    mem_stall    62.7 ms  (80% of answer)
  [server cmp]   491.5 ms
    cmp_cycle    403.3 ms
    cpu_stall    21.4 ms
    mem_stall    66.5 ms  (14% of compress)
  [client recv]  42.500 KiB  ->  5.0 ms @ 70 Mbps
  [recover comp] 29.6 ms
--------------------------------------------------------
  [query comp]   17.6 ms
  [client send]  1.502 MiB  ->  180.0 ms @ 70 Mbps
  [server ans]   79.0 ms
    ans_cycle    14.7 ms
    cpu_stall    1.3 ms
    mem_stall    63.0 ms  (80% of answer)
  [server cmp]   486.5 ms
    cmp_cycle    397.9 ms
    cpu_stall    21.9 ms
    mem_stall    66.5 ms  (14% of compress)
  [client recv]  42.500 KiB  ->  5.0 ms @ 70 Mbps
  [recover comp] 30.1 ms


[online] reps=5  chunks=8192

FAIL: 40896 error(s)

=== summary (means over 5 measured reps) ===
  bandwidth   = send 1.502 MiB (180.0 ms) + recv 42.50 KiB (5.0 ms) = 1.544 MiB (185.0 ms)
  srv delay   = answer 74.5 + compress 482.3 = 556.8 ms
  ans split   = ans_cycle 14.3 + cpu_stall 0.3 + mem_stall 59.8 ms (80% mem)
  cmp split   = cmp_cycle 397.6 + cpu_stall 18.3 + mem_stall 66.1 ms (14% mem)
  end-to-end  = query 17.8 + send 180.0 + server (no mem_stall) 430.9 + recv 5.0 + recover 29.7 = 663.4 ms (0.66 s)
