Protocol=InsPIRe, DB=262144 KB, trials=5
DB Size=256 MB
i=0 -> i=1024 -> i=2048 -> i=3072 -> i=4096 -> i=5120 -> i=6144 -> i=7168 -> Done encode...
Created server in 17072988 us
Starting offline...
 -- Offline 1
 -- Offline 2
 -- Offline 3
 -- Offline 4
 -- Offline 5
Done offline...
Starting online...
Done online...
Starting online...
Done online...
Starting online...
Done online...
Starting online...
Done online...
Starting online...
Done online...
Starting online...
Done online...
Writing report to /home/nhd/TestScript/Result/inspire_n16.json
Report written.
