Protocol=InsPIRe, DB=1048576 KB, trials=5
DB Size=1024 MB
i=0 -> i=2048 -> i=4096 -> i=6144 -> i=8192 -> i=10240 -> i=12288 -> i=14336 -> Done encode...
Created server in 44829388 us
Starting offline...
 -- Offline 1
 -- Offline 2
 -- Offline 3
 -- Offline 4
 -- Offline 5
Done offline...
Starting online...
Done online...
Starting online...
Done online...
Starting online...
Done online...
Starting online...
Done online...
Starting online...
Done online...
Starting online...
Done online...
Writing report to /home/nhd/TestScript/Result/inspire_n18.json
Report written.
