Protocol=InsPIRe, DB=65536 KB, trials=5
DB Size=64 MB
i=0 -> i=512 -> i=1024 -> i=1536 -> i=2048 -> i=2560 -> i=3072 -> i=3584 -> Done encode...
Created server in 10874330 us
Starting offline...
 -- Offline 1
 -- Offline 2
 -- Offline 3
 -- Offline 4
 -- Offline 5
Done offline...
Starting online...
Done online...
Starting online...
Done online...
Starting online...
Done online...
Starting online...
Done online...
Starting online...
Done online...
Starting online...
Done online...
Writing report to /home/nhd/TestScript/Result/inspire_n14.json
Report written.
