Working with: n=1024; db size=2^27 (l=16890, m=13108); logq=32; p=833; sigma=6.400000
Total packed DB size is ~256.062029 MB
Executing SimplePIR
Setup...
		Offline download: 67560 KB
Building query...
	Elapsed: 13.437388ms
		Online upload: 51.000000 KB
Answering query...
	Elapsed: 9.929034ms
	Rate: 25789.218655 MB/s
		Online download: 65.000000 KB
Executing SimplePIR
Setup...
		Offline download: 67560 KB
Building query...
	Elapsed: 13.169921ms
		Online upload: 51.000000 KB
Answering query...
	Elapsed: 3.562577ms
	Rate: 71875.507212 MB/s
		Online download: 65.000000 KB
Executing SimplePIR
Setup...
		Offline download: 67560 KB
Building query...
	Elapsed: 13.637367ms
		Online upload: 51.000000 KB
Answering query...
	Elapsed: 6.729113ms
	Rate: 38052.865044 MB/s
		Online download: 65.000000 KB
Executing SimplePIR
Setup...
		Offline download: 67560 KB
Building query...
	Elapsed: 13.217768ms
		Online upload: 51.000000 KB
Answering query...
	Elapsed: 2.224138ms
	Rate: 115128.660567 MB/s
		Online download: 65.000000 KB
Executing SimplePIR
Setup...
		Offline download: 67560 KB
Building query...
	Elapsed: 15.226364ms
		Online upload: 51.000000 KB
Answering query...
	Elapsed: 5.284257ms
	Rate: 48457.527493 MB/s
		Online download: 65.000000 KB
Avg SimplePIR tput, except for first run: 59860.755794 MB/s
Std dev of SimplePIR tput, except for first run: 31513.117609 MB/s
goos: linux
goarch: amd64
pkg: github.com/ahenzinger/simplepir/pir
cpu: Intel(R) Xeon(R) Platinum 8360Y CPU @ 2.40GHz
BenchmarkSimplePirSingle-48    	       1	39298027292 ns/op
PASS
ok  	github.com/ahenzinger/simplepir/pir	39.312s
