Test VIA or VIA-C (0 or 1): 
Test with or without Blinded Extraction (0 or 1): 
Execution count: 
┌───────────────────────────────────────────────┐
│             Test for VIA Protocol             │
├───────────────────────────────────────────────┘
│ Database parameters:
│   ► Length of Database(N) : 524288
│   ► Row: 64
│   ► Col: 2048
│   ► Database size: 256 MB
│   
│ LWE parameters(modulus):
│   ► Modulus Q1: 144009652944437249
│   ► Modulus Q1_1: 268369921
│   ► Modulus Q1_2: 536608769
│   ► Modulus Q2: 34359214081
│   ► Modulus Q3: 2147352577
│   ► Modulus Q4: 32768
│   ► Modulus P: 256
│ LWE parameters(degree):
│   ► Degree of RLWE1: 2048
│   ► Degree of RLWE2: 512
│ Gadget parameters:
│   ► Gadget1_L: 2
│   ► Gadget1_Base: 370758
│   ► Gadget2_L_1: 4
│   ► Gadget2_Base_1: 24
│   ► Gadget2_L_2: 3
│   ► Gadget2_Base_2: 24
│   ► Gadget_RSK_L: 4
│   ► Gadget_RSK_Base: 24
├────────────────────────────────────────────────
│ Communication overhead:
│   ► Offline upload: 0
│   ► Offline download: 0
│   ► Online upload: 442.5 KiB
│   ► Online download: 23 KiB
├────────────────────────────────────────────────
│   ► Setup Database: 0.522349 s
│ 
| ❖ Round 1: computation time
│   ► Query Time: 5.211 ms
│   ► Answer Time: 
│     ◇ Dmux: 4.709 ms
│     ◇ ModSwitch: 1.761 ms
│     ◇ First Dimension: 203.988 ms
│     ◇ Ring Switch: 67.931 ms
│     ◇ CMux: 23.168 ms
│     ◇ Final ModSwitch: 0.026 ms
│   ► Total Answer Time: 301.583 ms
│ 
│   ► Recover Time: 28 μs
└────────────────────────────────────────────────
| ❖ Round 2: computation time
│   ► Query Time: 4.831 ms
│   ► Answer Time: 
│     ◇ Dmux: 3.828 ms
│     ◇ ModSwitch: 1.732 ms
│     ◇ First Dimension: 211.986 ms
│     ◇ Ring Switch: 54.834 ms
│     ◇ CMux: 22.757 ms
│     ◇ Final ModSwitch: 0.027 ms
│   ► Total Answer Time: 295.164 ms
│ 
│   ► Recover Time: 25 μs
└────────────────────────────────────────────────
| ❖ Round 3: computation time
│   ► Query Time: 4.868 ms
│   ► Answer Time: 
│     ◇ Dmux: 3.905 ms
│     ◇ ModSwitch: 1.752 ms
│     ◇ First Dimension: 203.576 ms
│     ◇ Ring Switch: 54.698 ms
│     ◇ CMux: 22.672 ms
│     ◇ Final ModSwitch: 0.026 ms
│   ► Total Answer Time: 286.629 ms
│ 
│   ► Recover Time: 25 μs
└────────────────────────────────────────────────
| ❖ Round 4: computation time
│   ► Query Time: 4.846 ms
│   ► Answer Time: 
│     ◇ Dmux: 3.87 ms
│     ◇ ModSwitch: 1.748 ms
│     ◇ First Dimension: 203.871 ms
│     ◇ Ring Switch: 54.594 ms
│     ◇ CMux: 22.64 ms
│     ◇ Final ModSwitch: 0.026 ms
│   ► Total Answer Time: 286.749 ms
│ 
│   ► Recover Time: 25 μs
└────────────────────────────────────────────────
| ❖ Round 5: computation time
│   ► Query Time: 4.838 ms
│   ► Answer Time: 
│     ◇ Dmux: 3.843 ms
│     ◇ ModSwitch: 1.744 ms
│     ◇ First Dimension: 212.009 ms
│     ◇ Ring Switch: 54.682 ms
│     ◇ CMux: 22.713 ms
│     ◇ Final ModSwitch: 0.026 ms
│   ► Total Answer Time: 295.017 ms
│ 
│   ► Recover Time: 25 μs
└────────────────────────────────────────────────
