rcheck: fresh outputs vs the paper's values (plots/)
diff = (paper - fresh) / paper;  ! = |diff| > 10%;  N/A = no compute model (Piano, RMS)

[1] Online cost per scheme: comparison/NewSummary/{latency,bandwidth,compute} vs plots/ (Figure 10)

                      |          latency (s)          |        bandwidth (MiB)        |          compute (s)         
block log2N    scheme |     fresh     paper    diff   |     fresh     paper    diff   |     fresh     paper    diff  
---------------------------------------------------------------------------------------------------------------------
  8kb    26 SimplePIR |      8.18     7.814   -4.7%   |     5.542     5.542   +0.0%   |     7.516      7.15   -5.1%  
  8kb    27 SimplePIR |    15.552     14.82   -4.9%   |     7.898     7.898   +0.0%   |    14.606    13.874   -5.3%  
  8kb    28 SimplePIR |    29.948    28.483   -5.1%   |    11.258    11.258   +0.0%   |    28.599    27.134   -5.4%  
  8kb    29 SimplePIR |    58.234    55.304   -5.3%   |    16.048    16.048   +0.0%   |    56.311    53.381   -5.5%  
  8kb    30 SimplePIR |   114.113   108.253   -5.4%   |     22.88     22.88   +0.0%   |   111.371   105.511   -5.6%  
  8kb    31 SimplePIR |   224.869    213.15   -5.5%   |    32.625    32.625   +0.0%   |   220.959    209.24   -5.6%  
  8kb    32 SimplePIR |    444.95   421.512   -5.6%   |     46.53     46.53   +0.0%   |   439.374   415.936   -5.6%  

  8kb    26   InsPIRe |    16.057      13.9  -15.5% ! |     2.102     2.102   +0.0%   |    15.806    13.636  -15.9% !
  8kb    27   InsPIRe |    31.706      27.4  -15.7% ! |     3.852     3.852   +0.0%   |    31.245    26.904  -16.1% !
  8kb    28   InsPIRe |    49.236      40.6  -21.3% ! |     4.039     4.039   +0.0%   |    48.752     40.07  -21.7% !
  8kb    29   InsPIRe |    97.675      80.3  -21.6% ! |     7.539     7.539   +0.0%   |    96.771    79.407  -21.9% !
  8kb    30   InsPIRe |    167.02     132.3  -26.2% ! |     7.914     7.914   +0.0%   |   166.071   131.343  -26.4% !
  8kb    31   InsPIRe |   332.457       263  -26.4% ! |    14.914    14.914   +0.0%   |    330.67   261.215  -26.6% !
  8kb    32   InsPIRe |    608.27     469.4  -29.6% ! |    15.664    15.664   +0.0%   |   606.393   467.483  -29.7% !

  8kb    26       VIA |    69.182    53.842  -28.5% ! |     0.627     0.627   +0.0%   |    69.107    53.767  -28.5% !
  8kb    27       VIA |   138.289   107.608  -28.5% ! |     0.682     0.682   +0.0%   |   138.208   107.527  -28.5% !
  8kb    28       VIA |   276.491    215.13  -28.5% ! |     0.697     0.697   +0.0%   |   276.408   215.047  -28.5% !
  8kb    29       VIA |   552.894   430.172  -28.5% ! |     0.712     0.712   +0.0%   |   552.809   430.087  -28.5% !
  8kb    30       VIA |    1105.7   860.254  -28.5% ! |     0.727     0.727   +0.0%   |   1105.61   860.167  -28.5% !
  8kb    31       VIA |   2211.31   1720.42  -28.5% ! |     0.783     0.783   +0.0%   |   2211.22   1720.33  -28.5% !
  8kb    32       VIA |   4422.52   3440.74  -28.5% ! |     0.798     0.798   +0.0%   |   4422.42   3440.65  -28.5% !

  8kb    26     Piano |      7.67      7.67   +0.0%   |    64.013    64.013   +0.0%   |         0      0.05     N/A  
  8kb    27     Piano |     10.85     10.85   +0.0%   |    90.527    90.527   +0.0%   |         0      0.05     N/A  
  8kb    28     Piano |     15.34     15.34   +0.0%   |   128.027   128.027   +0.0%   |         0      0.05     N/A  
  8kb    29     Piano |      21.7      21.7   +0.0%   |   181.057   181.057   +0.0%   |         0      0.05     N/A  
  8kb    30     Piano |     30.69     30.69   +0.0%   |   256.059   256.059   +0.0%   |         0      0.05     N/A  
  8kb    31     Piano |      43.4      43.4   +0.0%   |   362.127   362.127   +0.0%   |         0      0.05     N/A  
  8kb    32     Piano |     61.37     61.37   +0.0%   |   512.125   512.125   +0.0%   |         0      0.05     N/A  

  8kb    26       RMS |      1.18      1.18   +0.0%   |     9.856     9.856   +0.0%   |         0      0.05     N/A  
  8kb    27       RMS |      1.55      1.55   +0.0%   |    12.941    12.941   +0.0%   |         0      0.05     N/A  
  8kb    28       RMS |      2.19      2.19   +0.0%   |    18.309    18.309   +0.0%   |         0      0.05     N/A  
  8kb    29       RMS |       2.9       2.9   +0.0%   |    24.166    24.166   +0.0%   |         0      0.05     N/A  
  8kb    30       RMS |       4.1       4.1   +0.0%   |    34.184    34.184   +0.0%   |         0      0.05     N/A  
  8kb    31       RMS |      5.43      5.43   +0.0%   |    45.338    45.338   +0.0%   |         0      0.05     N/A  
  8kb    32       RMS |      7.68      7.68   +0.0%   |    64.125    64.125   +0.0%   |         0      0.05     N/A  

  8kb    26    Escape |     0.594      0.59   -0.7%   |     1.043     1.043   +0.0%   |     0.404     0.404   +0.0%  
  8kb    27    Escape |     0.663      0.66   -0.5%   |     1.544     1.544   +0.0%   |     0.432     0.432   +0.0%  
  8kb    28    Escape |     0.801       0.8   -0.1%   |     2.546     2.546   +0.0%   |     0.461     0.461   +0.0%  
  8kb    29    Escape |     0.801       0.8   -0.1%   |     2.544     2.544   +0.0%   |     0.454     0.454   +0.0%  
  8kb    30    Escape |     1.099       1.1   +0.1%   |     4.546     4.546   +0.0%   |     0.503     0.503   +0.0%  
  8kb    31    Escape |     1.658      1.48  -12.0% ! |      8.55      8.55   +0.0%   |     0.585     0.585   +0.0%  
  8kb    32    Escape |     1.664      1.66   -0.2%   |     8.546     8.546   +0.0%   |     0.591     0.591   +0.0%  

 16kb    26 SimplePIR |    15.552     14.82   -4.9%   |     7.898     7.898   +0.0%   |    14.606    13.874   -5.3%  
 16kb    27 SimplePIR |    29.948    28.483   -5.1%   |    11.258    11.258   +0.0%   |    28.599    27.134   -5.4%  
 16kb    28 SimplePIR |    58.234    55.304   -5.3%   |    16.047    16.047   +0.0%   |    56.311    53.381   -5.5%  
 16kb    29 SimplePIR |   114.103   108.243   -5.4%   |    22.878    22.878   +0.0%   |   111.362   105.502   -5.6%  
 16kb    30 SimplePIR |    224.86   213.141   -5.5%   |    32.624    32.624   +0.0%   |    220.95   209.231   -5.6%  
 16kb    31 SimplePIR |   444.941   421.503   -5.6%   |    46.527    46.527   +0.0%   |   439.365   415.927   -5.6%  
 16kb    32 SimplePIR |   883.071   836.195   -5.6%   |    66.365    66.365   +0.0%   |   875.118   828.242   -5.7%  

 16kb    26   InsPIRe |    25.017      20.7  -20.9% ! |     2.289     2.289   +0.0%   |    24.743    20.402  -21.3% !
 16kb    27   InsPIRe |    49.236      40.6  -21.3% ! |     4.039     4.039   +0.0%   |    48.752     40.07  -21.7% !
 16kb    28   InsPIRe |    84.299      66.9  -26.0% ! |     4.414     4.414   +0.0%   |     83.77    66.406  -26.1% !
 16kb    29   InsPIRe |    167.02     132.3  -26.2% ! |     7.914     7.914   +0.0%   |   166.071   131.343  -26.4% !
 16kb    30   InsPIRe |   305.705     236.2  -29.4% ! |     8.664     8.664   +0.0%   |   304.666   235.211  -29.5% !
 16kb    31   InsPIRe |    608.27     469.4  -29.6% ! |    15.664    15.664   +0.0%   |   606.393   467.483  -29.7% !
 16kb    32   InsPIRe |    1159.9     882.1  -31.5% ! |    17.164    17.164   +0.0%   |   1157.84   880.023  -31.6% !

 16kb    26       VIA |   138.289   107.608  -28.5% ! |     0.672     0.672   +0.0%   |   138.208   107.527  -28.5% !
 16kb    27       VIA |   276.495   215.134  -28.5% ! |     0.727     0.727   +0.0%   |   276.408   215.047  -28.5% !
 16kb    28       VIA |   552.898   430.176  -28.5% ! |     0.742     0.742   +0.0%   |   552.809   430.087  -28.5% !
 16kb    29       VIA |    1105.7   860.258  -28.5% ! |     0.757     0.757   +0.0%   |   1105.61   860.167  -28.5% !
 16kb    30       VIA |   2211.31   1720.42  -28.5% ! |     0.772     0.772   +0.0%   |   2211.22   1720.33  -28.5% !
 16kb    31       VIA |   4422.52   3440.75  -28.5% ! |     0.828     0.828   +0.0%   |   4422.42   3440.65  -28.5% !
 16kb    32       VIA |   8844.94   6881.39  -28.5% ! |     0.843     0.843   +0.0%   |   8844.84   6881.29  -28.5% !

 16kb    26     Piano |     15.34     15.34   +0.0%   |   128.013   128.013   +0.0%   |         0       0.1     N/A  
 16kb    27     Piano |     21.69     21.69   +0.0%   |   181.035   181.035   +0.0%   |         0       0.1     N/A  
 16kb    28     Piano |     30.68     30.68   +0.0%   |   256.027   256.027   +0.0%   |         0       0.1     N/A  
 16kb    29     Piano |     43.39     43.39   +0.0%   |   362.073   362.073   +0.0%   |         0       0.1     N/A  
 16kb    30     Piano |     61.36     61.36   +0.0%   |   512.059   512.059   +0.0%   |         0       0.1     N/A  
 16kb    31     Piano |     86.78     86.78   +0.0%   |   724.167   724.167   +0.0%   |         0       0.1     N/A  
 16kb    32     Piano |    122.73    122.73   +0.0%   |   1024.12   1024.12   +0.0%   |         0       0.1     N/A  

 16kb    26       RMS |      2.36      2.36   +0.0%   |      19.7      19.7   +0.0%   |         0       0.1     N/A  
 16kb    27       RMS |       3.1       3.1   +0.0%   |    25.863    25.863   +0.0%   |         0       0.1     N/A  
 16kb    28       RMS |      4.38      4.38   +0.0%   |     36.59     36.59   +0.0%   |         0       0.1     N/A  
 16kb    29       RMS |      5.79      5.79   +0.0%   |    48.291    48.291   +0.0%   |         0       0.1     N/A  
 16kb    30       RMS |      8.19      8.19   +0.0%   |    68.309    68.309   +0.0%   |         0       0.1     N/A  
 16kb    31       RMS |     10.86     10.86   +0.0%   |    90.588    90.588   +0.0%   |         0       0.1     N/A  
 16kb    32       RMS |     15.35     15.35   +0.0%   |   128.125   128.125   +0.0%   |         0       0.1     N/A  

 16kb    26    Escape |      1.01      1.01   +0.0%   |     1.084     1.084   +0.0%   |      0.87      0.87   +0.0%  
 16kb    27    Escape |     1.103       1.1   -0.3%   |     1.585     1.585   +0.0%   |     0.882     0.882   +0.0%  
 16kb    28    Escape |     1.252      1.25   -0.2%   |     2.587     2.587   +0.0%   |     0.859     0.859   +0.0%  
 16kb    29    Escape |     1.267      1.27   +0.2%   |     2.585     2.585   +0.0%   |     0.826     0.826   +0.0%  
 16kb    30    Escape |     1.522      1.52   -0.1%   |     4.587     4.587   +0.0%   |     0.912     0.912   +0.0%  
 16kb    31    Escape |     2.167      2.17   +0.1%   |     8.591     8.591   +0.0%   |     1.078     1.078   +0.0%  
 16kb    32    Escape |     2.156      2.16   +0.2%   |     8.587     8.587   +0.0%   |     1.054     1.054   +0.0%  

 64kb    24 SimplePIR |    15.504    14.772   -5.0%   |     7.899     7.899   +0.0%   |    14.558    13.826   -5.3%  
 64kb    25 SimplePIR |    29.931    28.466   -5.1%   |    11.256    11.256   +0.0%   |    28.582    27.117   -5.4%  
 64kb    26 SimplePIR |    58.234    55.304   -5.3%   |    16.047    16.047   +0.0%   |    56.311    53.381   -5.5%  
 64kb    27 SimplePIR |   114.103   108.243   -5.4%   |    22.878    22.878   +0.0%   |   111.362   105.502   -5.6%  
 64kb    28 SimplePIR |    224.86   213.141   -5.5%   |    32.624    32.624   +0.0%   |    220.95   209.231   -5.6%  
 64kb    29 SimplePIR |   444.887   421.449   -5.6%   |    46.519    46.519   +0.0%   |   439.312   415.874   -5.6%  
 64kb    30 SimplePIR |   883.034   836.158   -5.6%   |    66.359    66.359   +0.0%   |   875.082   828.206   -5.7%  

 64kb    24   InsPIRe |     22.26      17.9  -24.4% ! |     1.789     1.789   +0.0%   |    22.045    17.704  -24.5% !
 64kb    25   InsPIRe |    42.939      34.3  -25.2% ! |     2.664     2.664   +0.0%   |     42.62    33.938  -25.6% !
 64kb    26   InsPIRe |    78.779      61.4  -28.3% ! |     3.414     3.414   +0.0%   |     78.37    61.006  -28.5% !
 64kb    27   InsPIRe |   154.421     119.7  -29.0% ! |     5.164     5.164   +0.0%   |   153.802   119.074  -29.2% !
 64kb    28   InsPIRe |   294.668     225.2  -30.8% ! |     6.664     6.664   +0.0%   |   293.869   224.414  -30.9% !
 64kb    29   InsPIRe |    583.08     444.2  -31.3% ! |    10.164    10.164   +0.0%   |   581.861   442.951  -31.4% !
 64kb    30   InsPIRe |   1137.83       860  -32.3% ! |    13.164    13.164   +0.0%   |   1136.25   858.427  -32.4% !

 64kb    24       VIA |   138.317   107.636  -28.5% ! |     0.911     0.911   +0.0%   |   138.208   107.527  -28.5% !
 64kb    25       VIA |   276.519   215.158  -28.5% ! |     0.926     0.926   +0.0%   |   276.408   215.047  -28.5% !
 64kb    26       VIA |   552.922     430.2  -28.5% ! |     0.941     0.941   +0.0%   |   552.809   430.087  -28.5% !
 64kb    27       VIA |   1105.73   860.286  -28.5% ! |     0.997     0.997   +0.0%   |   1105.61   860.167  -28.5% !
 64kb    28       VIA |   2211.34   1720.45  -28.5% ! |     1.012     1.012   +0.0%   |   2211.22   1720.33  -28.5% !
 64kb    29       VIA |   4422.55   3440.77  -28.5% ! |     1.027     1.027   +0.0%   |   4422.42   3440.65  -28.5% !
 64kb    30       VIA |   8844.97   6881.41  -28.5% ! |     1.042     1.042   +0.0%   |   8844.84   6881.29  -28.5% !

 64kb    24     Piano |     30.68     30.68   +0.0%   |   256.006   256.006   +0.0%   |         0       0.2     N/A  
 64kb    25     Piano |     43.39     43.39   +0.0%   |   362.071   362.071   +0.0%   |         0       0.2     N/A  
 64kb    26     Piano |     61.36     61.36   +0.0%   |   512.013   512.013   +0.0%   |         0       0.2     N/A  
 64kb    27     Piano |     86.77     86.77   +0.0%   |   724.082   724.082   +0.0%   |         0       0.2     N/A  
 64kb    28     Piano |    122.72    122.72   +0.0%   |   1024.03   1024.03   +0.0%   |         0       0.2     N/A  
 64kb    29     Piano |    173.54    173.54   +0.0%   |   1448.17   1448.17   +0.0%   |         0       0.2     N/A  
 64kb    30     Piano |    245.43    245.43   +0.0%   |   2048.06   2048.06   +0.0%   |         0       0.2     N/A  

 64kb    24       RMS |      5.11      5.11   +0.0%   |    42.631    42.631   +0.0%   |         0       0.2     N/A  
 64kb    25       RMS |      6.67      6.67   +0.0%   |    55.634    55.634   +0.0%   |         0       0.2     N/A  
 64kb    26       RMS |      9.44      9.44   +0.0%   |    78.763    78.763   +0.0%   |         0       0.2     N/A  
 64kb    27       RMS |     12.39     12.39   +0.0%   |   103.394   103.394   +0.0%   |         0       0.2     N/A  
 64kb    28       RMS |     17.53     17.53   +0.0%   |   146.277   146.277   +0.0%   |         0       0.2     N/A  
 64kb    29       RMS |     23.13     23.13   +0.0%   |   193.041   193.041   +0.0%   |         0       0.2     N/A  
 64kb    30       RMS |     32.72     32.72   +0.0%   |   273.059   273.059   +0.0%   |         0       0.2     N/A  

 64kb    24    Escape |     3.441      3.44   -0.0%   |     1.081     1.081   +0.0%   |      3.13      3.13   +0.0%  
 64kb    25    Escape |     3.581      3.58   -0.0%   |     1.332     1.332   +0.0%   |     3.351     3.351   +0.0%  
 64kb    26    Escape |     3.568      3.57   +0.1%   |     1.331     1.331   +0.0%   |     3.141     3.141   +0.0%  
 64kb    27    Escape |     3.619      3.62   +0.0%   |     1.832     1.832   +0.0%   |     3.249     3.249   +0.0%  
 64kb    28    Escape |     3.836      3.84   +0.1%   |     2.834     2.834   +0.0%   |     3.463     3.463   +0.0%  
 64kb    29    Escape |     3.799       3.8   +0.0%   |     2.832     2.832   +0.0%   |     3.494     3.494   +0.0%  
 64kb    30    Escape |      4.37      4.37   +0.0%   |     4.834     4.834   +0.0%   |     3.599     3.599   +0.0%  


[2] Per-query bandwidth (MiB): offline/bandwidth.log vs plots/bandwidth.log (Figures 11-12)

Table 1: fixed DB = 64 TiB (N = DB / bytes)

      |            Escape             |             Piano             |              RMS             
      |     fresh     paper    diff   |     fresh     paper    diff   |     fresh     paper    diff  
-----------------------------------------------------------------------------------------------------
  2^3 |   1024.53      1024   -0.1%   |    30.406        30   -1.4%   |     9.835        10   +1.6%  
  2^6 |   256.516       256   -0.2%   |      66.5        66   -0.8%   |       8.9         9   +1.1%  
  2^9 |    64.511      64.5   -0.0%   |   181.859       181   -0.5%   |    19.894        20   +0.5%  
 2^11 |    32.519      32.5   -0.1%   |   362.435       362   -0.1%   |    40.624        40   -1.6%  
 2^12 |    16.525      16.5   -0.2%   |   512.266       512   -0.1%   |    60.501        60   -0.8%  
 2^14 |     8.586       8.5   -1.0%   |   1024.12      1024   -0.0%   |   128.125       128   -0.1%  
 2^16 |     4.834       4.8   -0.7%   |   2048.06      2048   -0.0%   |   273.125       273   -0.0%  
 2^18 |     2.821       2.8   -0.8%   |   4096.03      4096   -0.0%   |    585.17       585   -0.0%  

Table 2: fixed N = 2^30 entries

      |            Escape             |             Piano             |              RMS             
      |     fresh     paper    diff   |     fresh     paper    diff   |     fresh     paper    diff  
-----------------------------------------------------------------------------------------------------
  2^3 |     4.504       4.5   -0.1%   |     0.309       0.3   -3.0%   |     0.092       0.1   +8.0%  
  2^6 |     4.504       4.5   -0.1%   |     2.059         2   -3.0%   |     0.325       0.3   -8.3%  
  2^9 |     4.507       4.5   -0.2%   |    16.059        16   -0.4%   |     2.192         2   -9.6%  
 2^11 |     4.515       4.5   -0.3%   |    64.059        64   -0.1%   |     8.592         8   -7.4%  
 2^12 |     4.525       4.5   -0.6%   |   128.059       128   -0.0%   |    17.125        17   -0.7%  
 2^14 |     4.586       4.6   +0.3%   |   512.059       512   -0.0%   |    68.325        68   -0.5%  
 2^16 |     4.834       4.8   -0.7%   |   2048.06      2048   -0.0%   |   273.125       273   -0.0%  
 2^18 |     5.824       5.8   -0.4%   |   8192.06      8192   -0.0%   |   1092.33      1092   -0.0%  

Table 3: hint-update bandwidth per query (MiB), (2^30 x 8 KiB) DB

      |            Escape             |             Piano             |              RMS             
      |     fresh     paper    diff   |     fresh     paper    diff   |     fresh     paper    diff  
-----------------------------------------------------------------------------------------------------
 2^11 |      4096      4096   +0.0%   |      4096      4096   +0.0%   |      4096      4096   +0.0%  
 2^15 |       256       256   +0.0%   |   256.059       256   -0.0%   |       256       256   +0.0%  
 2^19 |        16        16   +0.0%   |   256.059       256   -0.0%   |    34.192      34.1   -0.3%  
 2^24 |     4.545       4.5   -1.0%   |   256.059       256   -0.0%   |    34.192      34.1   -0.3%  
 2^30 |     4.545       4.5   -1.0%   |   256.059       256   -0.0%   |    34.192      34.1   -0.3%  
 2^35 |     4.545       4.5   -1.0%   |   256.059       256   -0.0%   |    34.192      34.1   -0.3%  

Table 4: hint-update bandwidth per query (MiB), (2^30 x 64 KiB) DB

      |            Escape             |             Piano             |              RMS             
      |     fresh     paper    diff   |     fresh     paper    diff   |     fresh     paper    diff  
-----------------------------------------------------------------------------------------------------
 2^11 |     32768     32768   +0.0%   |     32768     32768   +0.0%   |     32768     32768   +0.0%  
 2^15 |      2048      2048   +0.0%   |   2048.06      2048   -0.0%   |      2048      2048   +0.0%  
 2^19 |       128       128   +0.0%   |   2048.06      2048   -0.0%   |   273.125       273   -0.0%  
 2^24 |     4.834       4.5   -7.4%   |   2048.06      2048   -0.0%   |   273.125       273   -0.0%  
 2^30 |     4.834       4.5   -7.4%   |   2048.06      2048   -0.0%   |   273.125       273   -0.0%  
 2^35 |     4.834       4.5   -7.4%   |   2048.06      2048   -0.0%   |   273.125       273   -0.0%  

[3] Client storage vs latency: offline/storage.log vs plots/storage.log (Figure 13)

                     |         latency (s)         |        storage (GiB)       
 block scheme    |A| |    fresh    paper    diff   |    fresh    paper    diff  
--------------------------------------------------------------------------------
  8KiB Escape   1024 |    1.076     1.07   -0.6%   |    166.4      178   +6.5%  
  8KiB Escape   4096 |    1.699      1.7   +0.1%   |     41.6       45   +7.6%  
  8KiB Escape  16384 |    2.991      3.1   +3.5%   |     10.4       12  +13.3% !
  8KiB Escape  65536 |    5.914      6.5   +9.0%   |      3.8      4.5  +15.6% !
  8KiB  Piano        |   30.685     30.7   +0.0%   |       40       43   +7.0%  
  8KiB    RMS        |    4.097      4.1   +0.1%   |       30     32.2   +6.8%  
 16KiB Escape   1024 |    1.528      1.5   -1.9%   |    332.7      357   +6.8%  
 16KiB Escape   4096 |    2.192      2.2   +0.4%   |     83.2       89   +6.5%  
 16KiB Escape  16384 |    3.695      3.7   +0.1%   |     20.8       22   +5.5%  
 16KiB Escape  65536 |    7.311      7.3   -0.2%   |      7.5      5.6  -33.9% !
 16KiB  Piano        |   61.364    61.36   -0.0%   |       80     85.8   +6.8%  
 16KiB    RMS        |    8.188      8.2   +0.1%   |       60     64.4   +6.8%  
 64KiB Escape   1024 |     4.15      4.2   +1.2%   |   1330.8     1300   -2.4%  
 64KiB Escape   4096 |    5.196      5.2   +0.1%   |    332.7    332.7   +0.0%  
 64KiB Escape  16384 |    7.955      7.9   -0.7%   |     83.2     83.2   +0.0%  
 64KiB Escape  65536 |   15.957     15.9   -0.4%   |       30     20.8  -44.2% !
 64KiB  Piano        |  245.434   245.43   -0.0%   |      320    343.6   +6.9%  
 64KiB    RMS        |   32.731    32.72   -0.0%   |      240    257.7   +6.9%  

Summary: 456 values compared; 295 within 1%, 310 within 5%, 367 within 10%
